// Jest Snapshot v1, https://goo.gl/fbAQLP

exports[`Input Component Custom input renders correctly 1`] = `
<View
  accessibilityState={
    {
      "busy": undefined,
      "checked": undefined,
      "disabled": undefined,
      "expanded": undefined,
      "selected": undefined,
    }
  }
  accessibilityValue={
    {
      "max": undefined,
      "min": undefined,
      "now": undefined,
      "text": undefined,
    }
  }
  accessible={true}
  collapsable={false}
  focusable={false}
  onClick={[Function]}
  onResponderGrant={[Function]}
  onResponderMove={[Function]}
  onResponderRelease={[Function]}
  onResponderTerminate={[Function]}
  onResponderTerminationRequest={[Function]}
  onStartShouldSetResponder={[Function]}
  style={
    {
      "alignItems": "center",
      "borderBottomColor": "#E9E8E8",
      "borderBottomWidth": 2,
      "flexDirection": "row",
      "justifyContent": "space-between",
      "opacity": 1,
      "padding": 10,
    }
  }
>
  <Text
    style={
      [
        {
          "fontFamily": "SF-Pro-Rounded-Bold",
          "fontWeight": "bold",
        },
        {
          "flex": 1,
        },
      ]
    }
  >
    Custom Input
     
    <Text
      style={
        {
          "color": "#FF0000",
        }
      }
    >
      *
    </Text>
  </Text>
  <TextInput
    multiline={true}
    numberOfLines={3}
    style={
      {
        "color": "gray",
        "flex": 1,
        "fontFamily": "SF-Pro-Text-Regular",
      }
    }
  />
</View>
`;
